%!Adobe-FontList 1.19
%Locale:0x409

%BeginFont
Handler:DirectoryHandler
FontType:TrueType
FontName:Eczar-Bold
FamilyName:Eczar
StyleName:Bold
MenuName:Eczar
StyleBits:2
WeightClass:700
WidthClass:5
AngleClass:0
FullName:Eczar Bold
WritingScript:Roman
OutlineFileName:\Eczar-Bold.ttf
DataFormat:sfntData
hasSVG:no
VariableFontType:NonVariableFont
FileLength:318480
FileModTime:1433286000
NameArray:0,Mac,4,Eczar Bold
NameArray:0,Win,1,Eczar
%EndFont

%BeginFont
Handler:DirectoryHandler
FontType:TrueType
FontName:Eczar-Medium
FamilyName:Eczar
StyleName:Medium
MenuName:Eczar Medium
StyleBits:0
WeightClass:500
WidthClass:5
AngleClass:0
FullName:Eczar Medium
WritingScript:Roman
OutlineFileName:\Eczar-Medium.ttf
DataFormat:sfntData
hasSVG:no
VariableFontType:NonVariableFont
FileLength:317064
FileModTime:1433286000
NameArray:0,Mac,4,Eczar Medium
NameArray:0,Win,1,Eczar Medium
NameArray:0,Win,16,Eczar
%EndFont

%BeginFont
Handler:DirectoryHandler
FontType:TrueType
FontName:Eczar-Regular
FamilyName:Eczar
StyleName:Regular
MenuName:Eczar
StyleBits:0
WeightClass:400
WidthClass:5
AngleClass:0
FullName:Eczar Regular
WritingScript:Roman
OutlineFileName:\Eczar-Regular.ttf
DataFormat:sfntData
hasSVG:no
VariableFontType:NonVariableFont
FileLength:309368
FileModTime:1433286000
NameArray:0,Mac,4,Eczar Regular
NameArray:0,Win,1,Eczar
%EndFont

%BeginFont
Handler:DirectoryHandler
FontType:TrueType
FontName:Eczar-SemiBold
FamilyName:Eczar
StyleName:SemiBold
MenuName:Eczar SemiBold
StyleBits:0
WeightClass:600
WidthClass:5
AngleClass:0
FullName:Eczar SemiBold
WritingScript:Roman
OutlineFileName:\Eczar-SemiBold.ttf
DataFormat:sfntData
hasSVG:no
VariableFontType:NonVariableFont
FileLength:320788
FileModTime:1433286000
NameArray:0,Mac,4,Eczar SemiBold
NameArray:0,Win,1,Eczar SemiBold
NameArray:0,Win,16,Eczar
%EndFont

%BeginFont
Handler:DirectoryHandler
FontType:TrueType
FontName:Roboto-Black
FamilyName:Roboto
StyleName:Black
MenuName:Roboto Black
StyleBits:0
WeightClass:900
WidthClass:5
AngleClass:0
FullName:Roboto Black
WritingScript:Roman
OutlineFileName:\Roboto-Black.ttf
DataFormat:sfntData
hasSVG:no
VariableFontType:NonVariableFont
FileLength:171480
FileModTime:1357689600
NameArray:0,Mac,4,Roboto Black
NameArray:0,Win,1,Roboto Black
NameArray:0,Win,16,Roboto
%EndFont

%BeginFont
Handler:DirectoryHandler
FontType:TrueType
FontName:Roboto-BlackItalic
FamilyName:Roboto
StyleName:Black Italic
MenuName:Roboto Black
StyleBits:1
WeightClass:900
WidthClass:5
AngleClass:1
FullName:Roboto Black Italic
WritingScript:Roman
OutlineFileName:\Roboto-BlackItalic.ttf
DataFormat:sfntData
hasSVG:no
VariableFontType:NonVariableFont
FileLength:177552
FileModTime:1357689600
NameArray:0,Mac,4,Roboto Black Italic
NameArray:0,Win,1,Roboto Black
NameArray:0,Win,16,Roboto
%EndFont

%BeginFont
Handler:DirectoryHandler
FontType:TrueType
FontName:Roboto-Bold
FamilyName:Roboto
StyleName:Bold
MenuName:Roboto
StyleBits:2
WeightClass:700
WidthClass:5
AngleClass:0
FullName:Roboto Bold
WritingScript:Roman
OutlineFileName:\Roboto-Bold.ttf
DataFormat:sfntData
hasSVG:no
VariableFontType:NonVariableFont
FileLength:170760
FileModTime:1357689600
NameArray:0,Mac,4,Roboto Bold
NameArray:0,Win,1,Roboto
%EndFont

%BeginFont
Handler:DirectoryHandler
FontType:TrueType
FontName:Roboto-BoldItalic
FamilyName:Roboto
StyleName:Bold Italic
MenuName:Roboto
StyleBits:3
WeightClass:700
WidthClass:5
AngleClass:1
FullName:Roboto Bold Italic
WritingScript:Roman
OutlineFileName:\Roboto-BoldItalic.ttf
DataFormat:sfntData
hasSVG:no
VariableFontType:NonVariableFont
FileLength:174952
FileModTime:1357689600
NameArray:0,Mac,4,Roboto Bold Italic
NameArray:0,Win,1,Roboto
%EndFont

%BeginFont
Handler:DirectoryHandler
FontType:TrueType
FontName:Roboto-Italic
FamilyName:Roboto
StyleName:Italic
MenuName:Roboto
StyleBits:1
WeightClass:400
WidthClass:5
AngleClass:1
FullName:Roboto Italic
WritingScript:Roman
OutlineFileName:\Roboto-Italic.ttf
DataFormat:sfntData
hasSVG:no
VariableFontType:NonVariableFont
FileLength:173932
FileModTime:1357689600
NameArray:0,Mac,4,Roboto Italic
NameArray:0,Win,1,Roboto
%EndFont

%BeginFont
Handler:DirectoryHandler
FontType:TrueType
FontName:Roboto-Light
FamilyName:Roboto
StyleName:Light
MenuName:Roboto Light
StyleBits:0
WeightClass:300
WidthClass:5
AngleClass:0
FullName:Roboto Light
WritingScript:Roman
OutlineFileName:\Roboto-Light.ttf
DataFormat:sfntData
hasSVG:no
VariableFontType:NonVariableFont
FileLength:170420
FileModTime:1357689600
NameArray:0,Mac,4,Roboto Light
NameArray:0,Win,1,Roboto Light
NameArray:0,Win,16,Roboto
%EndFont

%BeginFont
Handler:DirectoryHandler
FontType:TrueType
FontName:Roboto-LightItalic
FamilyName:Roboto
StyleName:Light Italic
MenuName:Roboto Light
StyleBits:1
WeightClass:300
WidthClass:5
AngleClass:1
FullName:Roboto Light Italic
WritingScript:Roman
OutlineFileName:\Roboto-LightItalic.ttf
DataFormat:sfntData
hasSVG:no
VariableFontType:NonVariableFont
FileLength:176616
FileModTime:1357689600
NameArray:0,Mac,4,Roboto Light Italic
NameArray:0,Win,1,Roboto Light
NameArray:0,Win,16,Roboto
%EndFont

%BeginFont
Handler:DirectoryHandler
FontType:TrueType
FontName:Roboto-Medium
FamilyName:Roboto
StyleName:Medium
MenuName:Roboto Medium
StyleBits:0
WeightClass:500
WidthClass:5
AngleClass:0
FullName:Roboto Medium
WritingScript:Roman
OutlineFileName:\Roboto-Medium.ttf
DataFormat:sfntData
hasSVG:no
VariableFontType:NonVariableFont
FileLength:172064
FileModTime:1357689600
NameArray:0,Mac,4,Roboto Medium
NameArray:0,Win,1,Roboto Medium
NameArray:0,Win,16,Roboto
%EndFont

%BeginFont
Handler:DirectoryHandler
FontType:TrueType
FontName:Roboto-MediumItalic
FamilyName:Roboto
StyleName:Medium Italic
MenuName:Roboto Medium
StyleBits:1
WeightClass:500
WidthClass:5
AngleClass:1
FullName:Roboto Medium Italic
WritingScript:Roman
OutlineFileName:\Roboto-MediumItalic.ttf
DataFormat:sfntData
hasSVG:no
VariableFontType:NonVariableFont
FileLength:176864
FileModTime:1357689600
NameArray:0,Mac,4,Roboto Medium Italic
NameArray:0,Win,1,Roboto Medium
NameArray:0,Win,16,Roboto
%EndFont

%BeginFont
Handler:DirectoryHandler
FontType:TrueType
FontName:Roboto-Regular
FamilyName:Roboto
StyleName:Regular
MenuName:Roboto
StyleBits:0
WeightClass:400
WidthClass:5
AngleClass:0
FullName:Roboto
WritingScript:Roman
OutlineFileName:\Roboto-Regular.ttf
DataFormat:sfntData
hasSVG:no
VariableFontType:NonVariableFont
FileLength:171676
FileModTime:1357689600
NameArray:0,Mac,4,Roboto
NameArray:0,Win,1,Roboto
%EndFont

%BeginFont
Handler:DirectoryHandler
FontType:TrueType
FontName:Roboto-Thin
FamilyName:Roboto
StyleName:Thin
MenuName:Roboto Thin
StyleBits:0
WeightClass:250
WidthClass:5
AngleClass:0
FullName:Roboto Thin
WritingScript:Roman
OutlineFileName:\Roboto-Thin.ttf
DataFormat:sfntData
hasSVG:no
VariableFontType:NonVariableFont
FileLength:171904
FileModTime:1357689600
NameArray:0,Mac,4,Roboto Thin
NameArray:0,Win,1,Roboto Thin
NameArray:0,Win,16,Roboto
%EndFont

%BeginFont
Handler:DirectoryHandler
FontType:TrueType
FontName:Roboto-ThinItalic
FamilyName:Roboto
StyleName:Thin Italic
MenuName:Roboto Thin
StyleBits:1
WeightClass:250
WidthClass:5
AngleClass:1
FullName:Roboto Thin Italic
WritingScript:Roman
OutlineFileName:\Roboto-ThinItalic.ttf
DataFormat:sfntData
hasSVG:no
VariableFontType:NonVariableFont
FileLength:176300
FileModTime:1357689600
NameArray:0,Mac,4,Roboto Thin Italic
NameArray:0,Win,1,Roboto Thin
NameArray:0,Win,16,Roboto
%EndFont

